// Jest Snapshot v1, https://goo.gl/fbAQLP

exports[`SpotifyApiService should get playlists 1`] = `
Array [
  Object {
    "cover": "https://music.dergunov.net/images/world.png",
    "id": "5SHptL6bzOG1PmWgJxx2Ps",
    "name": "Топ по миру",
  },
  Object {
    "cover": "https://music.dergunov.net/images/russia.png",
    "id": "5I4WLaJYpw1pPcRXwUQ9XV",
    "name": "Топ по России",
  },
  Object {
    "cover": "https://music.dergunov.net/images/new.png",
    "id": "37i9dQZF1DWYc8GECSzPrb",
    "name": "Новинки недели",
  },
  Object {
    "cover": "https://music.dergunov.net/images/tiktok.png",
    "id": "56ra24CW6btsEQEA3UEzqD",
    "name": "Топ тик-тока",
  },
  Object {
    "cover": "https://music.dergunov.net/images/hiphop.png",
    "id": "37i9dQZF1DX93L1kSOomqn",
    "name": "Русский хип-хоп",
  },
  Object {
    "cover": "https://music.dergunov.net/images/rock.png",
    "id": "37i9dQZF1DX4uWsCu3SlsH",
    "name": "Рок сегодня",
  },
]
`;
